Using Python 3.10.20 environment at: .venv-commonocean
Resolved 28 packages in 223ms
Downloading lxml (8.2MiB)
Downloading matplotlib (6.9MiB)
Downloading scipy (21.3MiB)
Downloading numpy (13.2MiB)
 Downloaded lxml
 Downloaded matplotlib
 Downloaded numpy
 Downloaded scipy
Prepared 4 packages in 7.09s
Installed 28 packages in 365ms
 + antlr4-python3-runtime==4.9.3
 + commonocean-io==2025.1
 + commonocean-vessel-models==1.0.0
 + commonroad-io==2023.1
 + commonroad-vehicle-models==3.0.2
 + contourpy==1.3.2
 + cycler==0.12.1
 + fonttools==4.65.0
 + imageio==2.9.0
 + iso3166==3.0.0
 + kiwisolver==1.5.1
 + lxml==6.1.3
 + matplotlib==3.6.3
 + networkx==3.4.2
 + numpy==1.24.4
 + omegaconf==2.3.1
 + packaging==26.3
 + pillow==12.3.0
 + protobuf==3.20.1
 + pyparsing==3.3.3
 + python-dateutil==2.9.0.post0
 + pyyaml==6.0.3
 + rtree==1.4.1
 + scipy==1.15.3
 + setuptools==84.0.0
 + shapely==2.1.2
 + six==1.17.0
 + tqdm==4.70.1
Using Python 3.10.20 environment at: .venv-commonocean
Resolved 8 packages in 132ms
Installed 7 packages in 62ms
 + exceptiongroup==1.3.1
 + iniconfig==2.3.0
 + pluggy==1.6.0
 + pygments==2.21.0
 + pytest==9.1.1
 + tomli==2.4.1
 + typing-extensions==4.16.0
